// Vitest Snapshot v1, https://vitest.dev/guide/snapshot.html

exports[`Date 1`] = `"type Zod2ts_0_duplojs = Date;"`;
