// Vitest Snapshot v1, https://vitest.dev/guide/snapshot.html

exports[`discrimnatedUnion 1`] = `
"type Zod2ts_0_duplojs = {
    kind: "a";
    stringProp: string;
} | {
    kind: "b";
    numberProp: number;
};"
`;
