// Vitest Snapshot v1, https://vitest.dev/guide/snapshot.html

exports[`enum 1`] = `"type Zod2ts_0_duplojs = "a" | "b" | "c";"`;
