// Vitest Snapshot v1, https://vitest.dev/guide/snapshot.html

exports[`lazy 1`] = `
"type Zod2ts_0_duplojs = {
    prop1: Zod2ts_0_duplojs[];
};"
`;
