// Vitest Snapshot v1, https://vitest.dev/guide/snapshot.html

exports[`nullable 1`] = `"type Zod2ts_0_duplojs = string | null;"`;
