// Vitest Snapshot v1, https://vitest.dev/guide/snapshot.html

exports[`number 1`] = `"type Zod2ts_0_duplojs = number;"`;
