// Vitest Snapshot v1, https://vitest.dev/guide/snapshot.html

exports[`set 1`] = `"type Zod2ts_0_duplojs = Set<string>;"`;
